// Jest Snapshot v1, https://goo.gl/fbAQLP

exports[`(Component) Footer Renders to snapshot 1`] = `
<div
  className="Footer"
  data-jsx={4220951982}
>
  <div
    className="lehlJS"
  >
    <div
      className="Footer-col1"
      data-jsx={4220951982}
    >
      <h3
        className="AnyQuestions"
        data-hook="questions"
        data-jsx={4220951982}
      >
        Any questions?
      </h3>
      <a
        className="Digits-link"
        data-hook="questions-mailto"
        data-jsx={4220951982}
        href="mailto:chrsmllr@gmail.com"
      >
        You got my digits.
      </a>
      <p
        className="Footer-dim"
        data-hook="copyright"
        data-jsx={4220951982}
      >
        © Chris Miller 
        2017
      </p>
    </div>
    <div
      className="Footer-col2"
      data-jsx={4220951982}
    >
      <a
        className="Footer-dim"
        data-hook="github"
        data-jsx={4220951982}
        href="http://github.com/chrismllr"
        rel="noopener"
        target="_blank"
      >
        <span
          className="Arrow"
          data-jsx={4220951982}
        >
          &gt;
        </span>
         github
      </a>
      <a
        className="Footer-dim"
        data-jsx={4220951982}
        href="mailto:chrsmllr@gmail.com"
      >
        <span
          className="Arrow"
          data-jsx={4220951982}
        >
          &gt;
        </span>
         e-mail
      </a>
    </div>
  </div>
</div>
`;
