// Jest Snapshot v1, https://goo.gl/fbAQLP

exports[`(Component) Header Renders to snapshot 1`] = `
<section
  className="sc-htpNat dyUswa"
>
  <div
    className="sc-bwzfXH fAShlV sc-bdVaJa hiLGRf"
  >
    <h1
      data-jsx={1650768255}
    >
      Chris Miller
    </h1>
    <h4
      data-jsx={1650768255}
    >
      UI Engineer
    </h4>
  </div>
</section>
`;
