// Jest Snapshot v1, https://goo.gl/fbAQLP

exports[`(Component) Header Renders to snapshot 1`] = `
<section
  className="sc-htpNat ODLsm"
>
  <div
    className="Header sc-bwzfXH ilCxFm sc-bdVaJa TWYiO"
  >
    <h1
      data-jsx={3980846260}
    >
      Chris Miller
    </h1>
    <h4
      data-jsx={3980846260}
    >
      UI Engineer
    </h4>
  </div>
</section>
`;
